2025-08-15 02:44:14,444 - __main__ - INFO - 🚀 Starting the Hybrid Recommendation Service...
2025-08-15 02:44:14,444 - __main__ - INFO - --- Phase 1: Initial Data Load and Model Build ---
2025-08-15 02:44:14,467 - database_manager - INFO - Successfully connected to DB 'movie_recommender_db'
2025-08-15 02:44:14,468 - database_manager - INFO - Session transaction isolation level set to READ COMMITTED.
2025-08-15 02:44:14,468 - data_loader - INFO - Fetching data for films...
2025-08-15 02:44:14,482 - data_loader - INFO - -> Loaded 500 rows into films_df.
2025-08-15 02:44:14,482 - data_loader - INFO - Fetching data for types...
2025-08-15 02:44:14,484 - data_loader - INFO - -> Loaded 10 rows into types_df.
2025-08-15 02:44:14,484 - data_loader - INFO - Fetching data for reviews...
2025-08-15 02:44:14,538 - data_loader - INFO - -> Loaded 5000 rows into reviews_df.
2025-08-15 02:44:14,540 - data_loader - INFO - Fetching data for clients...
2025-08-15 02:44:14,542 - data_loader - INFO - -> Loaded 200 rows into clients_df.
2025-08-15 02:44:14,542 - data_loader - INFO - Cleaning reviews_df...
2025-08-15 02:44:14,556 - data_loader - INFO - -> reviews_df shape after cleaning: (5000, 5)
2025-08-15 02:44:14,556 - model_builder - INFO - Building content-based model...
2025-08-15 02:44:14,590 - model_builder - INFO - -> Content similarity matrix created with shape: (500, 500)
2025-08-15 02:44:14,591 - model_builder - INFO - Building collaborative filtering model (sklearn TruncatedSVD)...
2025-08-15 02:44:14,658 - model_builder - INFO - Fitting score scaler for normalization...
2025-08-15 02:44:14,719 - model_builder - INFO - -> Score scaler fitted successfully.
2025-08-15 02:44:14,719 - model_builder - INFO - -> Collaborative model built. User factors shape: (200, 50)
2025-08-15 02:44:14,719 - recommender - INFO - Initializing Recommender engine...
2025-08-15 02:44:14,724 - recommender - INFO - Recommender engine initialized successfully.
2025-08-15 02:44:14,724 - __main__ - INFO - ✅ Startup complete. Recommender is ready.
2025-08-15 02:44:14,725 - __main__ - INFO - --- Phase 2: Entering continuous service loop ---
2025-08-15 02:44:14,725 - __main__ - INFO - Loop: Checking for new requests or data updates...
2025-08-15 02:44:44,727 - __main__ - INFO - Loop: Checking for new requests or data updates...
2025-08-15 02:45:14,728 - __main__ - INFO - Loop: Checking for new requests or data updates...
2025-08-15 02:45:44,729 - __main__ - INFO - Loop: Checking for new requests or data updates...
2025-08-15 02:46:14,733 - __main__ - INFO - Loop: Checking for new requests or data updates...
2025-08-15 02:46:44,735 - __main__ - INFO - Loop: Checking for new requests or data updates...
2025-08-15 02:47:14,737 - __main__ - INFO - Loop: Checking for new requests or data updates...
2025-08-15 02:47:44,740 - __main__ - INFO - Loop: Checking for new requests or data updates...
2025-08-15 02:48:14,742 - __main__ - INFO - Loop: Checking for new requests or data updates...
2025-08-15 02:48:44,743 - __main__ - INFO - Loop: Checking for new requests or data updates...
2025-08-15 02:49:14,745 - __main__ - INFO - Loop: Checking for new requests or data updates...
2025-08-15 02:49:44,756 - __main__ - INFO - Loop: Checking for new requests or data updates...
2025-08-15 02:50:14,758 - __main__ - INFO - Loop: Checking for new requests or data updates...
2025-08-15 02:50:32,069 - __main__ - INFO - Shutdown signal received (Ctrl+C).
2025-08-15 02:50:32,069 - __main__ - INFO - Shutting down the service.
2025-08-15 02:50:32,069 - database_manager - INFO - Database connection closed successfully.
